// Jest Snapshot v1, https://goo.gl/fbAQLP

exports[`GifApp Test should first 1`] = `
<div>
  <h1>
    Gif App
  </h1>
  <form
    aria-label="form"
  >
    <input
      placeholder="Buscar gifs"
      type="text"
      value=""
    />
  </form>
  <h3>
    Diablo
  </h3>
  <h2>
    Cargando...
  </h2>
  <div
    class="card-grid"
  />
</div>
`;
