// Jest Snapshot v1, https://goo.gl/fbAQLP

exports[`GifCard Test Test snapshot 1`] = `
<div>
  <div
    class="card"
  >
    <img
      alt="Test title"
      src="http://localhost/Test"
    />
    <p>
      Test title
    </p>
  </div>
</div>
`;
